

================================================================
== Vitis HLS Report for 'cache_access_Pipeline_VITIS_LOOP_24_11'
================================================================
* Date:           Wed May  8 03:01:12 2024

* Version:        2023.2.2 (Build 4101106 on Feb  9 2024)
* Project:        caches
* Solution:       solution1 (Vivado IP Flow Target)
* Product family: zynquplus
* Target device:  xczu7ev-ffvf1517-3-e


================================================================
== Performance Estimates
================================================================
+ Timing: 
    * Summary: 
    +--------+----------+----------+------------+
    |  Clock |  Target  | Estimated| Uncertainty|
    +--------+----------+----------+------------+
    |ap_clk  |  10.00 ns|  2.254 ns|     2.70 ns|
    +--------+----------+----------+------------+

+ Latency: 
    * Summary: 
    +---------+---------+----------+----------+-----+-----+---------+
    |  Latency (cycles) |  Latency (absolute) |  Interval | Pipeline|
    |   min   |   max   |    min   |    max   | min | max |   Type  |
    +---------+---------+----------+----------+-----+-----+---------+
    |       66|       66|  0.660 us|  0.660 us|   66|   66|       no|
    +---------+---------+----------+----------+-----+-----+---------+

    + Detail: 
        * Instance: 
        N/A

        * Loop: 
        +-------------------+---------+---------+----------+-----------+-----------+------+----------+
        |                   |  Latency (cycles) | Iteration|  Initiation Interval  | Trip |          |
        |     Loop Name     |   min   |   max   |  Latency |  achieved |   target  | Count| Pipelined|
        +-------------------+---------+---------+----------+-----------+-----------+------+----------+
        |- VITIS_LOOP_24_1  |       64|       64|         2|          1|          1|    64|       yes|
        +-------------------+---------+---------+----------+-----------+-----------+------+----------+



================================================================
== Utilization Estimates
================================================================
* Summary: 
+-----------------+---------+------+--------+--------+-----+
|       Name      | BRAM_18K|  DSP |   FF   |   LUT  | URAM|
+-----------------+---------+------+--------+--------+-----+
|DSP              |        -|     -|       -|       -|    -|
|Expression       |        -|     -|       0|      65|    -|
|FIFO             |        -|     -|       -|       -|    -|
|Instance         |        -|     -|       -|       -|    -|
|Memory           |        -|     -|       -|       -|    -|
|Multiplexer      |        -|     -|       -|      36|    -|
|Register         |        -|     -|      19|       -|    -|
+-----------------+---------+------+--------+--------+-----+
|Total            |        0|     0|      19|     101|    0|
+-----------------+---------+------+--------+--------+-----+
|Available        |      624|  1728|  460800|  230400|   96|
+-----------------+---------+------+--------+--------+-----+
|Utilization (%)  |        0|     0|      ~0|      ~0|    0|
+-----------------+---------+------+--------+--------+-----+

+ Detail: 
    * Instance: 
    N/A

    * DSP: 
    N/A

    * Memory: 
    N/A

    * FIFO: 
    N/A

    * Expression: 
    +----------------------+----------+----+---+----+------------+------------+
    |     Variable Name    | Operation| DSP| FF| LUT| Bitwidth P0| Bitwidth P1|
    +----------------------+----------+----+---+----+------------+------------+
    |add_ln24_fu_99_p2     |         +|   0|  0|  14|           7|           1|
    |add_ln26_1_fu_109_p2  |         +|   0|  0|  16|           9|           9|
    |add_ln26_fu_123_p2    |         +|   0|  0|  18|          11|          11|
    |icmp_ln24_fu_93_p2    |      icmp|   0|  0|  15|           7|           8|
    |ap_enable_pp0         |       xor|   0|  0|   2|           1|           2|
    +----------------------+----------+----+---+----+------------+------------+
    |Total                 |          |   0|  0|  65|          35|          31|
    +----------------------+----------+----+---+----+------------+------------+

    * Multiplexer: 
    +-------------------------+----+-----------+-----+-----------+
    |           Name          | LUT| Input Size| Bits| Total Bits|
    +-------------------------+----+-----------+-----+-----------+
    |ap_done_int              |   9|          2|    1|          2|
    |ap_enable_reg_pp0_iter1  |   9|          2|    1|          2|
    |ap_sig_allocacmp_i_1     |   9|          2|    7|         14|
    |i_fu_42                  |   9|          2|    7|         14|
    +-------------------------+----+-----------+-----+-----------+
    |Total                    |  36|          8|   16|         32|
    +-------------------------+----+-----------+-----+-----------+

    * Register: 
    +-------------------------+---+----+-----+-----------+
    |           Name          | FF| LUT| Bits| Const Bits|
    +-------------------------+---+----+-----+-----------+
    |add_ln26_1_reg_153       |  9|   0|    9|          0|
    |ap_CS_fsm                |  1|   0|    1|          0|
    |ap_done_reg              |  1|   0|    1|          0|
    |ap_enable_reg_pp0_iter1  |  1|   0|    1|          0|
    |i_fu_42                  |  7|   0|    7|          0|
    +-------------------------+---+----+-----+-----------+
    |Total                    | 19|   0|   19|          0|
    +-------------------------+---+----+-----+-----------+



================================================================
== Interface
================================================================
* Summary: 
+----------------+-----+-----+------------+----------------------------------------+--------------+
|    RTL Ports   | Dir | Bits|  Protocol  |              Source Object             |    C Type    |
+----------------+-----+-----+------------+----------------------------------------+--------------+
|ap_clk          |   in|    1|  ap_ctrl_hs|  cache_access_Pipeline_VITIS_LOOP_24_11|  return value|
|ap_rst          |   in|    1|  ap_ctrl_hs|  cache_access_Pipeline_VITIS_LOOP_24_11|  return value|
|ap_start        |   in|    1|  ap_ctrl_hs|  cache_access_Pipeline_VITIS_LOOP_24_11|  return value|
|ap_done         |  out|    1|  ap_ctrl_hs|  cache_access_Pipeline_VITIS_LOOP_24_11|  return value|
|ap_idle         |  out|    1|  ap_ctrl_hs|  cache_access_Pipeline_VITIS_LOOP_24_11|  return value|
|ap_ready        |  out|    1|  ap_ctrl_hs|  cache_access_Pipeline_VITIS_LOOP_24_11|  return value|
|zext_ln26_3     |   in|    9|     ap_none|                             zext_ln26_3|        scalar|
|address_1       |   in|   11|     ap_none|                               address_1|        scalar|
|mymem_address0  |  out|   11|   ap_memory|                                   mymem|         array|
|mymem_ce0       |  out|    1|   ap_memory|                                   mymem|         array|
|mymem_q0        |   in|   32|   ap_memory|                                   mymem|         array|
|cache_address0  |  out|    9|   ap_memory|                                   cache|         array|
|cache_ce0       |  out|    1|   ap_memory|                                   cache|         array|
|cache_we0       |  out|    1|   ap_memory|                                   cache|         array|
|cache_d0        |  out|   32|   ap_memory|                                   cache|         array|
+----------------+-----+-----+------------+----------------------------------------+--------------+

